=== NeuroBrowser Verify Chain ===
→ cargo fmt --check...
→ cargo clippy...
    Checking neurobrowser v0.1.0 (<feature-checkout>)
error: call to `std::mem::drop` with a value that does not implement `Drop`. Dropping such a type only extends its contained lifetimes
   --> src/browser/mod.rs:280:17
    |
280 |                 drop(node);
    |                 ^^^^^^^^^^
    |
note: argument has type `ego_tree::NodeMut<'_, scraper::Node>`
   --> src/browser/mod.rs:280:22
    |
280 |                 drop(node);
    |                      ^^^^
    = help: for further information visit https://rust-lang.github.io/rust-clippy/rust-1.98.0/index.html#drop_non_drop
    = note: `-D clippy::drop-non-drop` implied by `-D warnings`
    = help: to override `-D warnings` add `#[allow(clippy::drop_non_drop)]`

error: could not compile `neurobrowser` (lib) due to 1 previous error
warning: build failed, waiting for other jobs to finish...
error: could not compile `neurobrowser` (lib test) due to 1 previous error
